[onialts.shop/index.html]
[backblue.gif]
[fade.gif]
[index.html]
[onialts.shop/storage/2024/04/regular.png]
[onialts.shop/storage/premium-addons-elementor/pa-frontend-2693db0ae.min.css]
[onialts.shop/core/views/7a3fccae50/style.min.css]
[onialts.shop/core/views/7a3fccae50/theme.min.css]
[onialts.shop/feed/index.html]
[onialts.shop/core/views/7a3fccae50/header-footer.min.css]
[onialts.shop/core/modules/f65f29574d/assets/css/frontend.min.css]
[onialts.shop/storage/elementor/css/post-943.css]
[onialts.shop/core/modules/f65f29574d/assets/lib/swiper/v8/css/swiper.min.css]
[onialts.shop/core/modules/ccc473c329/assets/css/frontend.min.css]
[onialts.shop/comments/feed/index.html]
[onialts.shop/core/modules/f65f29574d/assets/lib/font-awesome/css/all.min.css]
[onialts.shop/core/modules/f65f29574d/assets/lib/font-awesome/css/v4-shims.min.css]
[onialts.shop/storage/elementor/css/post-1001.css]
[onialts.shop/storage/elementor/css/post-941.css]
[onialts.shop/storage/elementor/css/post-1202.css]
[onialts.shop/storage/elementor/css/post-2192.css]
[onialts.shop/storage/elementor/css/post-1828.css]
[onialts.shop/lib/js/jquery/jquery.min.js]
[onialts.shop/lib/js/jquery/jquery-migrate.min.js]
[onialts.shop/core/modules/ccc473c329/assets/js/page-transitions.min.js]
[onialts.shop/core/modules/f65f29574d/assets/lib/font-awesome/js/v4-shims.min.js]
[onialts.shop/wp-json/oembed/1.0/embed9246.json]
[onialts.shop/wp-json/oembed/1.0/embed0b4e]
[onialts.shop/storage/2024/04/favicononialts-1.svg]
[onialts.shop/storage/2024/04/onialt-500-x-250-px-1000-x-500-px.svg]
[onialts.shop/storage/2024/04/premium.png]
[onialts.shop/storage/2024/04/pro.png]
[onialts.shop/storage/2024/04/superior.png]
[onialts.shop/storage/2024/04/blackknightimage.png]
[onialts.shop/storage/2024/04/darkvoyagerimage.png]
[onialts.shop/contact-form/index.html]
[onialts.shop/storage/2024/04/driftimage.png]
[onialts.shop/storage/2024/04/eonimage.png]
[onialts.shop/storage/2024/04/galaxyimage.png]
[onialts.shop/storage/2024/04/honorguardimage.png]
[onialts.shop/storage/2024/04/ikonikimage.png]
[onialts.shop/storage/2024/04/ogghoulimage.png]
[onialts.shop/storage/2024/04/omegaimage.png]
[onialts.shop/storage/2024/04/renegaderaiderimage.png]
[onialts.shop/storage/2024/04/thereaperimage.png]
[onialts.shop/storage/2024/04/travisscottimage.png]
[onialts.shop/storage/2024/04/wildcatimage.png]
[onialts.shop/storage/2024/04/flossimage.png]
[onialts.shop/storage/2024/04/mintaxeimage.png]
[onialts.shop/storage/2024/04/reaperaxeimage.png]
[onialts.shop/cdn-cgi/l/email-protection.html]
[onialts.shop/storage/2024/04/okikao.svg]
[onialts.shop/cdn-cgi/scripts/5c5dd728/cloudflare-static/email-decode.min.js]
[onialts.shop/core/modules/f65f29574d/assets/lib/animations/animations.min.css]
[onialts.shop/storage/premium-addons-elementor/pa-frontend-2693db0ae.min.js]
[onialts.shop/core/views/7a3fccae50/assets/js/hello-frontend.min.js]
[onialts.shop/privacy-policy/index.html]
[onialts.shop/core/modules/ccc473c329/assets/lib/instant-page/instant-page.min.js]
[onialts.shop/core/modules/ccc473c329/assets/lib/sticky/jquery.sticky.min.js]
[onialts.shop/core/modules/65278b981c/assets/frontend/min-js/premium-wrapper-link.min.js]
[onialts.shop/disclaimer/index.html]
[onialts.shop/core/modules/ccc473c329/assets/lib/smartmenus/jquery.smartmenus.min.js]
[onialts.shop/core/modules/f65f29574d/assets/lib/waypoints/waypoints.min.js]
[onialts.shop/core/modules/65278b981c/assets/frontend/min-js/lottie.min.js]
[onialts.shop/core/modules/ccc473c329/assets/lib/lottie/lottie.min.js]
[onialts.shop/core/modules/f65f29574d/assets/lib/jquery-numerator/jquery-numerator.min.js]
[onialts.shop/terms-of-service/index.html]
[onialts.shop/core/modules/ccc473c329/assets/js/webpack-pro.runtime.min.js]
[onialts.shop/core/modules/f65f29574d/assets/js/webpack.runtime.min.js]
[onialts.shop/core/modules/f65f29574d/assets/js/frontend-modules.min.js]
[onialts.shop/copyright/index.html]
[onialts.shop/lib/js/dist/hooks.min.js]
[onialts.shop/lib/js/dist/i18n.min.js]
[onialts.shop/core/modules/ccc473c329/assets/js/frontend.min.js]
[onialts.shop/lib/js/jquery/ui/core.min.js]
[onialts.shop/core/modules/f65f29574d/assets/js/frontend.min.js]
[onialts.shop/core/modules/ccc473c329/assets/js/elements-handlers.min.js]
[onialts.shop/index.html]
[onialts.shop/storage/premium-addons-elementor/pa-frontend-2693db0ae.min.css]
[onialts.shop/core/views/7a3fccae50/style.min.css]
[onialts.shop/core/views/7a3fccae50/theme.min.css]
[onialts.shop/core/views/7a3fccae50/header-footer.min.css]
[onialts.shop/core/modules/f65f29574d/assets/css/frontend.min.css]
[onialts.shop/storage/elementor/css/post-943.css]
[onialts.shop/core/modules/f65f29574d/assets/lib/swiper/v8/css/swiper.min.css]
[onialts.shop/core/modules/ccc473c329/assets/css/frontend.min.css]
[onialts.shop/cdn-cgi/challenge-platform/h/g/scripts/jsd/769ce3c24a3b/maind41d.js]
[onialts.shop/core/modules/f65f29574d/assets/lib/font-awesome/webfonts/fa-brands-400.eot]
[onialts.shop/core/modules/f65f29574d/assets/lib/font-awesome/webfonts/fa-brands-400d41d.eot]
[onialts.shop/core/modules/f65f29574d/assets/lib/font-awesome/webfonts/fa-brands-400.woff2]
[onialts.shop/core/modules/f65f29574d/assets/lib/font-awesome/webfonts/fa-brands-400.woff]
[onialts.shop/core/modules/f65f29574d/assets/lib/font-awesome/webfonts/fa-brands-400.ttf]
[onialts.shop/core/modules/f65f29574d/assets/lib/font-awesome/webfonts/fa-brands-400.svg]
[onialts.shop/core/modules/f65f29574d/assets/lib/font-awesome/webfonts/fa-regular-400.eot]
[onialts.shop/core/modules/f65f29574d/assets/lib/font-awesome/webfonts/fa-regular-400d41d.eot]
[onialts.shop/core/modules/f65f29574d/assets/lib/font-awesome/webfonts/fa-regular-400.woff2]
[onialts.shop/core/modules/f65f29574d/assets/lib/font-awesome/webfonts/fa-regular-400.woff]
[onialts.shop/core/modules/f65f29574d/assets/lib/font-awesome/webfonts/fa-regular-400.ttf]
[onialts.shop/core/modules/f65f29574d/assets/lib/font-awesome/webfonts/fa-regular-400.svg]
[onialts.shop/core/modules/f65f29574d/assets/lib/font-awesome/webfonts/fa-solid-900.eot]
[onialts.shop/core/modules/f65f29574d/assets/lib/font-awesome/webfonts/fa-solid-900d41d.eot]
[onialts.shop/core/modules/f65f29574d/assets/lib/font-awesome/webfonts/fa-solid-900.woff2]
[onialts.shop/core/modules/f65f29574d/assets/lib/font-awesome/webfonts/fa-solid-900.woff]
[onialts.shop/core/modules/f65f29574d/assets/lib/font-awesome/webfonts/fa-solid-900.ttf]
[onialts.shop/core/modules/f65f29574d/assets/lib/font-awesome/css/all.min.css]
[onialts.shop/core/modules/f65f29574d/assets/lib/font-awesome/css/v4-shims.min.css]
[onialts.shop/core/modules/f65f29574d/assets/lib/font-awesome/webfonts/fa-solid-900.svg]
[onialts.shop/storage/2024/07/fortnite.woff2]
[onialts.shop/storage/2024/07/fortnite.woff]
[onialts.shop/storage/elementor/css/post-1001.css]
[onialts.shop/storage/elementor/css/post-941.css]
[onialts.shop/storage/elementor/css/post-1202.css]
[onialts.shop/storage/elementor/css/post-2192.css]
[onialts.shop/storage/elementor/css/post-1828.css]
[onialts.shop/storage/2024/04/favicononialts-1.svg]
[onialts.shop/storage/2024/04/onialt-500-x-250-px-1000-x-500-px.svg]
[onialts.shop/storage/2024/07/fortnite.ttf]
[onialts.shop/storage/2024/04/onialtssiteimage.png]
[onialts.shop/storage/premium-addons-elementor/pa-frontend-597026812.min.css]
[onialts.shop/storage/elementor/css/post-1709.css]
[onialts.shop/wp-json/oembed/1.0/embedb308.json]
[onialts.shop/wp-json/oembed/1.0/embedae89]
[onialts.shop/storage/premium-addons-elementor/pa-frontend-597026812.min.js]
[www.google.com/recaptcha/apib920.js]
[onialts.shop/contact-form/index.html]
[onialts.shop/storage/premium-addons-elementor/pa-frontend-26f4e0bcd.min.css]
[onialts.shop/storage/elementor/css/post-1918.css]
[onialts.shop/wp-json/oembed/1.0/embedc006.json]
[onialts.shop/wp-json/oembed/1.0/embed017b]
[onialts.shop/privacy-policy/index.html]
[onialts.shop/storage/premium-addons-elementor/pa-frontend-26f4e0bcd.min.js]
[onialts.shop/storage/premium-addons-elementor/pa-frontend-05af6f3b8.min.css]
[onialts.shop/storage/elementor/css/post-1939.css]
[onialts.shop/wp-json/oembed/1.0/embedbb07.json]
[onialts.shop/wp-json/oembed/1.0/embed4989]
[onialts.shop/disclaimer/index.html]
[onialts.shop/storage/premium-addons-elementor/pa-frontend-05af6f3b8.min.js]
[onialts.shop/storage/premium-addons-elementor/pa-frontend-07980904a.min.css]
[onialts.shop/storage/elementor/css/post-1951.css]
[onialts.shop/wp-json/oembed/1.0/embed254d.json]
[onialts.shop/wp-json/oembed/1.0/embed9a5b]
[onialts.shop/terms-of-service/index.html]
[onialts.shop/storage/premium-addons-elementor/pa-frontend-07980904a.min.js]
[onialts.shop/storage/premium-addons-elementor/pa-frontend-0fef266bd.min.css]
[onialts.shop/storage/elementor/css/post-1965.css]
[onialts.shop/wp-json/oembed/1.0/embed09c6.json]
[onialts.shop/wp-json/oembed/1.0/embedb666]
[onialts.shop/copyright/index.html]
[onialts.shop/cdn-cgi/l/email-protection.html]
[onialts.shop/storage/2024/04/okikao.svg]
[onialts.shop/core/modules/f65f29574d/assets/lib/animations/animations.min.css]
[onialts.shop/core/modules/f65f29574d/assets/lib/font-awesome/webfonts/fa-brands-400.svg]
[onialts.shop/core/modules/f65f29574d/assets/lib/font-awesome/webfonts/fa-regular-400.svg]
[onialts.shop/storage/premium-addons-elementor/pa-frontend-0fef266bd.min.js]
[onialts.shop/core/modules/f65f29574d/assets/lib/font-awesome/webfonts/fa-solid-900.svg]
[onialts.shop/storage/premium-addons-elementor/pa-frontend-597026812.min.css]
[onialts.shop/storage/elementor/css/post-1709.css]
[onialts.shop/indexea45.html]
[onialts.shop/storage/premium-addons-elementor/pa-frontend-26f4e0bcd.min.css]
[onialts.shop/storage/elementor/css/post-1918.css]
[onialts.shop/index004f.html]
[onialts.shop/storage/premium-addons-elementor/pa-frontend-05af6f3b8.min.css]
[onialts.shop/storage/elementor/css/post-1939.css]
[onialts.shop/index9277.html]
[onialts.shop/storage/premium-addons-elementor/pa-frontend-07980904a.min.css]
[onialts.shop/storage/elementor/css/post-1951.css]
[onialts.shop/index24f2.html]
[onialts.shop/storage/premium-addons-elementor/pa-frontend-0fef266bd.min.css]
[onialts.shop/storage/elementor/css/post-1965.css]
[onialts.shop/index2752.html]
